Archive member included to satisfy reference by file (symbol)

C:/ST/STM32CubeIDE_2.1.0/STM32CubeIDE/plugins/com.st.stm32cube.ide.mcu.externaltools.gnu-tools-for-stm32.14.3.rel1.win32_1.0.100.202602081740/tools/bin/../lib/gcc/arm-none-eabi/14.3.1/../../../../arm-none-eabi/lib/thumb/v7e-m+fp/hard\libc_nano.a(libc_a-exit.o)
                              C:/ST/STM32CubeIDE_2.1.0/STM32CubeIDE/plugins/com.st.stm32cube.ide.mcu.externaltools.gnu-tools-for-stm32.14.3.rel1.win32_1.0.100.202602081740/tools/bin/../lib/gcc/arm-none-eabi/14.3.1/../../../../arm-none-eabi/lib/thumb/v7e-m+fp/hard/crt0.o (exit)
C:/ST/STM32CubeIDE_2.1.0/STM32CubeIDE/plugins/com.st.stm32cube.ide.mcu.externaltools.gnu-tools-for-stm32.14.3.rel1.win32_1.0.100.202602081740/tools/bin/../lib/gcc/arm-none-eabi/14.3.1/../../../../arm-none-eabi/lib/thumb/v7e-m+fp/hard\libc_nano.a(libc_a-findfp.o)
                              C:/ST/STM32CubeIDE_2.1.0/STM32CubeIDE/plugins/com.st.stm32cube.ide.mcu.externaltools.gnu-tools-for-stm32.14.3.rel1.win32_1.0.100.202602081740/tools/bin/../lib/gcc/arm-none-eabi/14.3.1/../../../../arm-none-eabi/lib/thumb/v7e-m+fp/hard\libc_nano.a(libc_a-exit.o) (__stdio_exit_handler)
C:/ST/STM32CubeIDE_2.1.0/STM32CubeIDE/plugins/com.st.stm32cube.ide.mcu.externaltools.gnu-tools-for-stm32.14.3.rel1.win32_1.0.100.202602081740/tools/bin/../lib/gcc/arm-none-eabi/14.3.1/../../../../arm-none-eabi/lib/thumb/v7e-m+fp/hard\libc_nano.a(libc_a-fwalk.o)
                              C:/ST/STM32CubeIDE_2.1.0/STM32CubeIDE/plugins/com.st.stm32cube.ide.mcu.externaltools.gnu-tools-for-stm32.14.3.rel1.win32_1.0.100.202602081740/tools/bin/../lib/gcc/arm-none-eabi/14.3.1/../../../../arm-none-eabi/lib/thumb/v7e-m+fp/hard\libc_nano.a(libc_a-findfp.o) (_fwalk_sglue)
C:/ST/STM32CubeIDE_2.1.0/STM32CubeIDE/plugins/com.st.stm32cube.ide.mcu.externaltools.gnu-tools-for-stm32.14.3.rel1.win32_1.0.100.202602081740/tools/bin/../lib/gcc/arm-none-eabi/14.3.1/../../../../arm-none-eabi/lib/thumb/v7e-m+fp/hard\libc_nano.a(libc_a-stdio.o)
                              C:/ST/STM32CubeIDE_2.1.0/STM32CubeIDE/plugins/com.st.stm32cube.ide.mcu.externaltools.gnu-tools-for-stm32.14.3.rel1.win32_1.0.100.202602081740/tools/bin/../lib/gcc/arm-none-eabi/14.3.1/../../../../arm-none-eabi/lib/thumb/v7e-m+fp/hard\libc_nano.a(libc_a-findfp.o) (__sread)
C:/ST/STM32CubeIDE_2.1.0/STM32CubeIDE/plugins/com.st.stm32cube.ide.mcu.externaltools.gnu-tools-for-stm32.14.3.rel1.win32_1.0.100.202602081740/tools/bin/../lib/gcc/arm-none-eabi/14.3.1/../../../../arm-none-eabi/lib/thumb/v7e-m+fp/hard\libc_nano.a(libc_a-memset.o)
                              C:/ST/STM32CubeIDE_2.1.0/STM32CubeIDE/plugins/com.st.stm32cube.ide.mcu.externaltools.gnu-tools-for-stm32.14.3.rel1.win32_1.0.100.202602081740/tools/bin/../lib/gcc/arm-none-eabi/14.3.1/../../../../arm-none-eabi/lib/thumb/v7e-m+fp/hard/crt0.o (memset)
C:/ST/STM32CubeIDE_2.1.0/STM32CubeIDE/plugins/com.st.stm32cube.ide.mcu.externaltools.gnu-tools-for-stm32.14.3.rel1.win32_1.0.100.202602081740/tools/bin/../lib/gcc/arm-none-eabi/14.3.1/../../../../arm-none-eabi/lib/thumb/v7e-m+fp/hard\libc_nano.a(libc_a-closer.o)
                              C:/ST/STM32CubeIDE_2.1.0/STM32CubeIDE/plugins/com.st.stm32cube.ide.mcu.externaltools.gnu-tools-for-stm32.14.3.rel1.win32_1.0.100.202602081740/tools/bin/../lib/gcc/arm-none-eabi/14.3.1/../../../../arm-none-eabi/lib/thumb/v7e-m+fp/hard\libc_nano.a(libc_a-stdio.o) (_close_r)
C:/ST/STM32CubeIDE_2.1.0/STM32CubeIDE/plugins/com.st.stm32cube.ide.mcu.externaltools.gnu-tools-for-stm32.14.3.rel1.win32_1.0.100.202602081740/tools/bin/../lib/gcc/arm-none-eabi/14.3.1/../../../../arm-none-eabi/lib/thumb/v7e-m+fp/hard\libc_nano.a(libc_a-reent.o)
                              C:/ST/STM32CubeIDE_2.1.0/STM32CubeIDE/plugins/com.st.stm32cube.ide.mcu.externaltools.gnu-tools-for-stm32.14.3.rel1.win32_1.0.100.202602081740/tools/bin/../lib/gcc/arm-none-eabi/14.3.1/../../../../arm-none-eabi/lib/thumb/v7e-m+fp/hard\libc_nano.a(libc_a-closer.o) (errno)
C:/ST/STM32CubeIDE_2.1.0/STM32CubeIDE/plugins/com.st.stm32cube.ide.mcu.externaltools.gnu-tools-for-stm32.14.3.rel1.win32_1.0.100.202602081740/tools/bin/../lib/gcc/arm-none-eabi/14.3.1/../../../../arm-none-eabi/lib/thumb/v7e-m+fp/hard\libc_nano.a(libc_a-impure.o)
                              C:/ST/STM32CubeIDE_2.1.0/STM32CubeIDE/plugins/com.st.stm32cube.ide.mcu.externaltools.gnu-tools-for-stm32.14.3.rel1.win32_1.0.100.202602081740/tools/bin/../lib/gcc/arm-none-eabi/14.3.1/../../../../arm-none-eabi/lib/thumb/v7e-m+fp/hard\libc_nano.a(libc_a-reent.o) (_impure_ptr)
C:/ST/STM32CubeIDE_2.1.0/STM32CubeIDE/plugins/com.st.stm32cube.ide.mcu.externaltools.gnu-tools-for-stm32.14.3.rel1.win32_1.0.100.202602081740/tools/bin/../lib/gcc/arm-none-eabi/14.3.1/../../../../arm-none-eabi/lib/thumb/v7e-m+fp/hard\libc_nano.a(libc_a-lseekr.o)
[...]
Memory Configuration

Name             Origin             Length             Attributes
CCMRAM           0x10000000         0x00002000         xrw
RAM              0x20000000         0x0000a000         xrw
FLASH            0x08000000         0x00040000         xr
*default*        0x00000000         0xffffffff

Linker script and memory map

LOAD C:/ST/STM32CubeIDE_2.1.0/STM32CubeIDE/plugins/com.st.stm32cube.ide.mcu.externaltools.gnu-tools-for-stm32.14.3.rel1.win32_1.0.100.202602081740/tools/bin/../lib/gcc/arm-none-eabi/14.3.1/thumb/v7e-m+fp/hard/crti.o
LOAD C:/ST/STM32CubeIDE_2.1.0/STM32CubeIDE/plugins/com.st.stm32cube.ide.mcu.externaltools.gnu-tools-for-stm32.14.3.rel1.win32_1.0.100.202602081740/tools/bin/../lib/gcc/arm-none-eabi/14.3.1/thumb/v7e-m+fp/hard/crtbegin.o
LOAD C:/ST/STM32CubeIDE_2.1.0/STM32CubeIDE/plugins/com.st.stm32cube.ide.mcu.externaltools.gnu-tools-for-stm32.14.3.rel1.win32_1.0.100.202602081740/tools/bin/../lib/gcc/arm-none-eabi/14.3.1/../../../../arm-none-eabi/lib/thumb/v7e-m+fp/hard/crt0.o
LOAD ./Src/gpio_pins.o
LOAD ./Src/main.o
LOAD ./Src/motor.o
LOAD ./Src/protocol.o
LOAD ./Src/sensors.o
LOAD ./Src/syscalls.o
LOAD ./Src/sysmem.o
LOAD ./Src/uart.o
LOAD ./Startup/startup_stm32f303vctx.o
START GROUP
LOAD C:/ST/STM32CubeIDE_2.1.0/STM32CubeIDE/plugins/com.st.stm32cube.ide.mcu.externaltools.gnu-tools-for-stm32.14.3.rel1.win32_1.0.100.202602081740/tools/bin/../lib/gcc/arm-none-eabi/14.3.1/../../../../arm-none-eabi/lib/thumb/v7e-m+fp/hard\libc_nano.a
LOAD C:/ST/STM32CubeIDE_2.1.0/STM32CubeIDE/plugins/com.st.stm32cube.ide.mcu.externaltools.gnu-tools-for-stm32.14.3.rel1.win32_1.0.100.202602081740/tools/bin/../lib/gcc/arm-none-eabi/14.3.1/../../../../arm-none-eabi/lib/thumb/v7e-m+fp/hard\libm.a
END GROUP
START GROUP
LOAD C:/ST/STM32CubeIDE_2.1.0/STM32CubeIDE/plugins/com.st.stm32cube.ide.mcu.externaltools.gnu-tools-for-stm32.14.3.rel1.win32_1.0.100.202602081740/tools/bin/../lib/gcc/arm-none-eabi/14.3.1/thumb/v7e-m+fp/hard\libgcc.a
LOAD C:/ST/STM32CubeIDE_2.1.0/STM32CubeIDE/plugins/com.st.stm32cube.ide.mcu.externaltools.gnu-tools-for-stm32.14.3.rel1.win32_1.0.100.202602081740/tools/bin/../lib/gcc/arm-none-eabi/14.3.1/../../../../arm-none-eabi/lib/thumb/v7e-m+fp/hard\libc_nano.a
END GROUP
START GROUP
LOAD C:/ST/STM32CubeIDE_2.1.0/STM32CubeIDE/plugins/com.st.stm32cube.ide.mcu.externaltools.gnu-tools-for-stm32.14.3.rel1.win32_1.0.100.202602081740/tools/bin/../lib/gcc/arm-none-eabi/14.3.1/thumb/v7e-m+fp/hard\libgcc.a
LOAD C:/ST/STM32CubeIDE_2.1.0/STM32CubeIDE/plugins/com.st.stm32cube.ide.mcu.externaltools.gnu-tools-for-stm32.14.3.rel1.win32_1.0.100.202602081740/tools/bin/../lib/gcc/arm-none-eabi/14.3.1/../../../../arm-none-eabi/lib/thumb/v7e-m+fp/hard\libc_nano.a
LOAD C:/ST/STM32CubeIDE_2.1.0/STM32CubeIDE/plugins/com.st.stm32cube.ide.mcu.externaltools.gnu-tools-for-stm32.14.3.rel1.win32_1.0.100.202602081740/tools/bin/../lib/gcc/arm-none-eabi/14.3.1/../../../../arm-none-eabi/lib/thumb/v7e-m+fp/hard\libnosys.a
END GROUP
START GROUP
LOAD C:/ST/STM32CubeIDE_2.1.0/STM32CubeIDE/plugins/com.st.stm32cube.ide.mcu.externaltools.gnu-tools-for-stm32.14.3.rel1.win32_1.0.100.202602081740/tools/bin/../lib/gcc/arm-none-eabi/14.3.1/thumb/v7e-m+fp/hard\libgcc.a
LOAD C:/ST/STM32CubeIDE_2.1.0/STM32CubeIDE/plugins/com.st.stm32cube.ide.mcu.externaltools.gnu-tools-for-stm32.14.3.rel1.win32_1.0.100.202602081740/tools/bin/../lib/gcc/arm-none-eabi/14.3.1/../../../../arm-none-eabi/lib/thumb/v7e-m+fp/hard\libc_nano.a
LOAD C:/ST/STM32CubeIDE_2.1.0/STM32CubeIDE/plugins/com.st.stm32cube.ide.mcu.externaltools.gnu-tools-for-stm32.14.3.rel1.win32_1.0.100.202602081740/tools/bin/../lib/gcc/arm-none-eabi/14.3.1/../../../../arm-none-eabi/lib/thumb/v7e-m+fp/hard\libnosys.a
END GROUP
LOAD C:/ST/STM32CubeIDE_2.1.0/STM32CubeIDE/plugins/com.st.stm32cube.ide.mcu.externaltools.gnu-tools-for-stm32.14.3.rel1.win32_1.0.100.202602081740/tools/bin/../lib/gcc/arm-none-eabi/14.3.1/thumb/v7e-m+fp/hard/crtend.o
LOAD C:/ST/STM32CubeIDE_2.1.0/STM32CubeIDE/plugins/com.st.stm32cube.ide.mcu.externaltools.gnu-tools-for-stm32.14.3.rel1.win32_1.0.100.202602081740/tools/bin/../lib/gcc/arm-none-eabi/14.3.1/thumb/v7e-m+fp/hard/crtn.o
                0x2000a000                        _estack = (ORIGIN (RAM) + LENGTH (RAM))
                0x00000200                        _Min_Heap_Size = 0x200
                0x00000400                        _Min_Stack_Size = 0x400

.isr_vector     0x08000000      0x194
                0x08000000                        . = ALIGN (0x4)
 *(.isr_vector)
 .isr_vector    0x08000000      0x194 ./Startup/startup_stm32f303vctx.o
                0x08000000                g_pfnVectors
                0x08000194                        . = ALIGN (0x4)

.text           0x08000194      0xfa4
                0x08000194                        . = ALIGN (0x4)
 *(.text)
 .text          0x08000194       0x40 C:/ST/STM32CubeIDE_2.1.0/STM32CubeIDE/plugins/com.st.stm32cube.ide.mcu.externaltools.gnu-tools-for-stm32.14.3.rel1.win32_1.0.100.202602081740/tools/bin/../lib/gcc/arm-none-eabi/14.3.1/thumb/v7e-m+fp/hard/crtbegin.o
 *(.text*)
 .text.__NVIC_SetPriority
                0x080001d4       0x54 ./Src/gpio_pins.o
 .text.SysTick_Config
                0x08000228       0x44 ./Src/gpio_pins.o
 .text.SysTick_Handler
                0x0800026c       0x1c ./Src/gpio_pins.o
                0x0800026c                SysTick_Handler
 .text.millis   0x08000288       0x18 ./Src/gpio_pins.o
                0x08000288                millis
 .text.gpio_init_all
                0x080002a0       0xa0 ./Src/gpio_pins.o
                0x080002a0                gpio_init_all
 .text.led_on   0x08000340       0x30 ./Src/gpio_pins.o
                0x08000340                led_on
 .text.led_toggle
                0x08000370       0x38 ./Src/gpio_pins.o
                0x08000370                led_toggle
 .text.leds_all_off
                0x080003a8       0x20 ./Src/gpio_pins.o
                0x080003a8                leds_all_off
 .text.btn_user_pressed
                0x080003c8       0x22 ./Src/gpio_pins.o
                0x080003c8                btn_user_pressed
 *fill*         0x080003ea        0x2 
 .text.btn_correct_pressed
                0x080003ec       0x24 ./Src/gpio_pins.o
                0x080003ec                btn_correct_pressed
 .text.btn_wrong_pressed
                0x08000410       0x24 ./Src/gpio_pins.o
                0x08000410                btn_wrong_pressed
 .text.btn_roulette_pressed
                0x08000434       0x24 ./Src/gpio_pins.o
                0x08000434                btn_roulette_pressed
 .text.btn_debounce
                0x08000458       0x3c ./Src/gpio_pins.o
                0x08000458                btn_debounce
 .text.send_to_pod
                0x08000494       0x3e ./Src/main.o
 .text.send_to_pod_with_payload
                0x080004d2       0x44 ./Src/main.o
 .text.send_to_pc
                0x08000516       0x3e ./Src/main.o
 .text.update_pc_state
                0x08000554       0x40 ./Src/main.o
 .text.send_scores_to_pods
                0x08000594       0x38 ./Src/main.o
 .text.process_pod_frame
                0x080005cc       0x98 ./Src/main.o
 .text.enter_idle
                0x08000664       0x3c ./Src/main.o
 .text.enter_armed
                0x080006a0       0x3c ./Src/main.o
 .text.award_point
                0x080006dc       0x44 ./Src/main.o
 .text.deny_point
                0x08000720       0x3c ./Src/main.o
 .text.enter_roulette
                0x0800075c       0x34 ./Src/main.o
 .text.stop_roulette
                0x08000790       0x24 ./Src/main.o
 .text.main     0x080007b4      0x1dc ./Src/main.o
                0x080007b4                main
 .text.motor_pwm_init
                0x08000990       0xac ./Src/motor.o
                0x08000990                motor_pwm_init
 .text.motor_set_speed
                0x08000a3c       0x30 ./Src/motor.o
                0x08000a3c                motor_set_speed
 .text.motor_stop
                0x08000a6c       0x18 ./Src/motor.o
                0x08000a6c                motor_stop
 .text.parser_init
                0x08000a84       0x26 ./Src/protocol.o
                0x08000a84                parser_init
 *fill*         0x08000aaa        0x2 
 .text.parser_feed
                0x08000aac      0x128 ./Src/protocol.o
                0x08000aac                parser_feed
 .text.frame_build
                0x08000bd4       0xce ./Src/protocol.o
                0x08000bd4                frame_build
 *fill*         0x08000ca2        0x2 
 .text.adc_init
                0x08000ca4       0xe8 ./Src/sensors.o
                0x08000ca4                adc_init
 .text.adc_read_ldr
                0x08000d8c       0x3c ./Src/sensors.o
                0x08000d8c                adc_read_ldr
 .text.usart1_init
                0x08000dc8       0x98 ./Src/uart.o
 .text.usart2_init
                0x08000e60       0xa8 ./Src/uart.o
 .text.usart3_init
                0x08000f08       0x98 ./Src/uart.o
 .text.uart_init_all
                0x08000fa0       0x20 ./Src/uart.o
                0x08000fa0                uart_init_all
 .text.uart_send
                0x08000fc0       0x54 ./Src/uart.o
                0x08000fc0                uart_send
 .text.uart_available
                0x08001014       0x34 ./Src/uart.o
                0x08001014                uart_available
 .text.uart_read_byte
                0x08001048       0x3c ./Src/uart.o
                0x08001048                uart_read_byte
 .text.Reset_Handler
                0x08001084       0x50 ./Startup/startup_stm32f303vctx.o
                0x08001084                Reset_Handler
 .text.Default_Handler
                0x080010d4        0x2 ./Startup/startup_stm32f303vctx.o
                0x080010d4                TIM8_TRG_COM_IRQHandler
                0x080010d4                TIM8_CC_IRQHandler
                0x080010d4                DebugMon_Handler
                0x080010d4                DMA1_CH4_IRQHandler
                0x080010d4                SPI4_IRQHandler
                0x080010d4                TIM1_CC_IRQHandler
                0x080010d4                HardFault_Handler
                0x080010d4                USB_HP_IRQHandler
                0x080010d4                I2C2_EV_EXTI24_IRQHandler
                0x080010d4                USB_WKUP_EXTI_IRQHandler
                0x080010d4                PVD_IRQHandler
                0x080010d4                UART4_EXTI34_IRQHandler
                0x080010d4                TAMP_STAMP_IRQHandler
                0x080010d4                PendSV_Handler
                0x080010d4                NMI_Handler
                0x080010d4                EXTI3_IRQHandler
                0x080010d4                I2C3_ER_IRQHandler
                0x080010d4                TIM6_DACUNDER_IRQHandler
                0x080010d4                USB_HP_CAN_TX_IRQHandler
                0x080010d4                EXTI0_IRQHandler
                0x080010d4                DMA2_CH1_IRQHandler
                0x080010d4                TIM1_UP_TIM16_IRQHandler
                0x080010d4                UsageFault_Handler
                0x080010d4                ADC1_2_IRQHandler
                0x080010d4                SPI1_IRQHandler
                0x080010d4                CAN_SCE_IRQHandler
                0x080010d4                DMA1_CH7_IRQHandler
                0x080010d4                TIM8_UP_IRQHandler
                0x080010d4                COMP456_IRQHandler
                0x080010d4                DMA1_CH6_IRQHandler
                0x080010d4                TIM20_TRG_COM_IRQHandler
                0x080010d4                ADC3_IRQHandler
                0x080010d4                TIM4_IRQHandler
                0x080010d4                CAN_RX1_IRQHandler
                0x080010d4                USART1_EXTI25_IRQHandler
                0x080010d4                DMA2_CH5_IRQHandler
                0x080010d4                I2C1_EV_EXTI23_IRQHandler
                0x080010d4                DMA1_CH3_IRQHandler
                0x080010d4                TIM3_IRQHandler
                0x080010d4                RCC_IRQHandler
                0x080010d4                TIM20_UP_IRQHandler
                0x080010d4                Default_Handler
                0x080010d4                EXTI15_10_IRQHandler
                0x080010d4                USART2_EXTI26_IRQHandler
                0x080010d4                USART3_EXTI28_IRQHandler
                0x080010d4                TIM7_IRQHandler
                0x080010d4                I2C3_EV_IRQHandler
                0x080010d4                EXTI9_5_IRQHandler
                0x080010d4                DMA1_CH2_IRQHandler
                0x080010d4                RTC_WKUP_IRQHandler
                0x080010d4                SPI2_IRQHandler
                0x080010d4                DMA1_CH1_IRQHandler
                0x080010d4                USB_LP_CAN_RX0_IRQHandler
                0x080010d4                MemManage_Handler
                0x080010d4                COMP123_IRQHandler
                0x080010d4                SVC_Handler
                0x080010d4                USB_LP_IRQHandler
                0x080010d4                EXTI4_IRQHandler
                0x080010d4                TIM1_TRG_COM_TIM17_IRQHandler
                0x080010d4                ADC4_IRQHandler
                0x080010d4                WWDG_IRQHandler
                0x080010d4                TIM2_IRQHandler
                0x080010d4                COMP7_IRQHandler
                0x080010d4                EXTI1_IRQHandler
                0x080010d4                RTCAlarm_IRQHandler
                0x080010d4                UART5_EXTI35_IRQHandler
                0x080010d4                TIM20_BRK_IRQHandler
                0x080010d4                I2C2_ER_IRQHandler
                0x080010d4                TIM8_BRK_IRQHandler
                0x080010d4                FLASH_IRQHandler
                0x080010d4                TIM20_CC_IRQHandler
                0x080010d4                BusFault_Handler
                0x080010d4                SPI3_IRQHandler
                0x080010d4                DMA2_CH3_IRQHandler
                0x080010d4                DMA2_CH2_IRQHandler
                0x080010d4                I2C1_ER_IRQHandler
                0x080010d4                FMC_IRQHandler
                0x080010d4                DMA1_CH5_IRQHandler
                0x080010d4                DMA2_CH4_IRQHandler
                0x080010d4                USB_WKUP_IRQHandler
                0x080010d4                EXTI2_TSC_IRQHandler
                0x080010d4                TIM1_BRK_TIM15_IRQHandler
 *fill*         0x080010d6        0x2 
 .text.__libc_init_array
                0x080010d8       0x48 C:/ST/STM32CubeIDE_2.1.0/STM32CubeIDE/plugins/com.st.stm32cube.ide.mcu.externaltools.gnu-tools-for-stm32.14.3.rel1.win32_1.0.100.202602081740/tools/bin/../lib/gcc/arm-none-eabi/14.3.1/../../../../arm-none-eabi/lib/thumb/v7e-m+fp/hard\libc_nano.a(libc_a-init.o)
                0x080010d8                __libc_init_array
 *(.glue_7)
 .glue_7        0x08001120        0x0 linker stubs
 *(.glue_7t)
 .glue_7t       0x08001120        0x0 linker stubs
 *(.eh_frame)
 .eh_frame      0x08001120        0x0 C:/ST/STM32CubeIDE_2.1.0/STM32CubeIDE/plugins/com.st.stm32cube.ide.mcu.externaltools.gnu-tools-for-stm32.14.3.rel1.win32_1.0.100.202602081740/tools/bin/../lib/gcc/arm-none-eabi/14.3.1/thumb/v7e-m+fp/hard/crtbegin.o
 *(.init)
 .init          0x08001120        0x4 C:/ST/STM32CubeIDE_2.1.0/STM32CubeIDE/plugins/com.st.stm32cube.ide.mcu.externaltools.gnu-tools-for-stm32.14.3.rel1.win32_1.0.100.202602081740/tools/bin/../lib/gcc/arm-none-eabi/14.3.1/thumb/v7e-m+fp/hard/crti.o
                0x08001120                _init
 .init          0x08001124        0x8 C:/ST/STM32CubeIDE_2.1.0/STM32CubeIDE/plugins/com.st.stm32cube.ide.mcu.externaltools.gnu-tools-for-stm32.14.3.rel1.win32_1.0.100.202602081740/tools/bin/../lib/gcc/arm-none-eabi/14.3.1/thumb/v7e-m+fp/hard/crtn.o
 *(.fini)
 .fini          0x0800112c        0x4 C:/ST/STM32CubeIDE_2.1.0/STM32CubeIDE/plugins/com.st.stm32cube.ide.mcu.externaltools.gnu-tools-for-stm32.14.3.rel1.win32_1.0.100.202602081740/tools/bin/../lib/gcc/arm-none-eabi/14.3.1/thumb/v7e-m+fp/hard/crti.o
                0x0800112c                _fini
 .fini          0x08001130        0x8 C:/ST/STM32CubeIDE_2.1.0/STM32CubeIDE/plugins/com.st.stm32cube.ide.mcu.externaltools.gnu-tools-for-stm32.14.3.rel1.win32_1.0.100.202602081740/tools/bin/../lib/gcc/arm-none-eabi/14.3.1/thumb/v7e-m+fp/hard/crtn.o
                0x08001138                        . = ALIGN (0x4)
                0x08001138                        _etext = .

.vfp11_veneer   0x08001138        0x0
 .vfp11_veneer  0x08001138        0x0 linker stubs

.v4_bx          0x08001138        0x0
 .v4_bx         0x08001138        0x0 linker stubs

.iplt           0x08001138        0x0
 .iplt          0x08001138        0x0 C:/ST/STM32CubeIDE_2.1.0/STM32CubeIDE/plugins/com.st.stm32cube.ide.mcu.externaltools.gnu-tools-for-stm32.14.3.rel1.win32_1.0.100.202602081740/tools/bin/../lib/gcc/arm-none-eabi/14.3.1/thumb/v7e-m+fp/hard/crtbegin.o

.rodata         0x08001138        0xc
                0x08001138                        . = ALIGN (0x4)
 *(.rodata)
 *(.rodata*)
 .rodata.uart_periph
                0x08001138        0xc ./Src/uart.o
                0x08001144                        . = ALIGN (0x4)

.ARM.extab      0x08001144        0x0
                0x08001144                        . = ALIGN (0x4)
 *(.ARM.extab* .gnu.linkonce.armextab.*)
                0x08001144                        . = ALIGN (0x4)

.ARM            0x08001144        0x0
                0x08001144                        . = ALIGN (0x4)
                0x08001144                        __exidx_start = .
 *(.ARM.exidx*)
                0x08001144                        __exidx_end = .
                0x08001144                        . = ALIGN (0x4)

.preinit_array  0x08001144        0x0
                0x08001144                        . = ALIGN (0x4)
                0x08001144                        PROVIDE (__preinit_array_start = .)
 *(.preinit_array*)
                0x08001144                        PROVIDE (__preinit_array_end = .)
                0x08001144                        . = ALIGN (0x4)

.init_array     0x08001144        0x4
                0x08001144                        . = ALIGN (0x4)
                0x08001144                        PROVIDE (__init_array_start = .)
 *(SORT_BY_NAME(.init_array.*))
 *(.init_array*)
 .init_array    0x08001144        0x4 C:/ST/STM32CubeIDE_2.1.0/STM32CubeIDE/plugins/com.st.stm32cube.ide.mcu.externaltools.gnu-tools-for-stm32.14.3.rel1.win32_1.0.100.202602081740/tools/bin/../lib/gcc/arm-none-eabi/14.3.1/thumb/v7e-m+fp/hard/crtbegin.o
                0x08001148                        PROVIDE (__init_array_end = .)
                0x08001148                        . = ALIGN (0x4)

.fini_array     0x08001148        0x4
                0x08001148                        . = ALIGN (0x4)
                [!provide]                        PROVIDE (__fini_array_start = .)
 *(SORT_BY_NAME(.fini_array.*))
 *(.fini_array*)
 .fini_array    0x08001148        0x4 C:/ST/STM32CubeIDE_2.1.0/STM32CubeIDE/plugins/com.st.stm32cube.ide.mcu.externaltools.gnu-tools-for-stm32.14.3.rel1.win32_1.0.100.202602081740/tools/bin/../lib/gcc/arm-none-eabi/14.3.1/thumb/v7e-m+fp/hard/crtbegin.o
                [!provide]                        PROVIDE (__fini_array_end = .)
                0x0800114c                        . = ALIGN (0x4)
                0x0800114c                        _sidata = LOADADDR (.data)

.rel.dyn        0x0800114c        0x0
 .rel.iplt      0x0800114c        0x0 C:/ST/STM32CubeIDE_2.1.0/STM32CubeIDE/plugins/com.st.stm32cube.ide.mcu.externaltools.gnu-tools-for-stm32.14.3.rel1.win32_1.0.100.202602081740/tools/bin/../lib/gcc/arm-none-eabi/14.3.1/thumb/v7e-m+fp/hard/crtbegin.o

.data           0x20000000        0x0 load address 0x0800114c
                0x20000000                        . = ALIGN (0x4)
                0x20000000                        _sdata = .
 *(.data)
 *(.data*)
 *(.RamFunc)
 *(.RamFunc*)
                0x20000000                        . = ALIGN (0x4)
                0x20000000                        _edata = .
                0x0800114c                        _siccmram = LOADADDR (.ccmram)

.igot.plt       0x20000000        0x0 load address 0x0800114c
 .igot.plt      0x20000000        0x0 C:/ST/STM32CubeIDE_2.1.0/STM32CubeIDE/plugins/com.st.stm32cube.ide.mcu.externaltools.gnu-tools-for-stm32.14.3.rel1.win32_1.0.100.202602081740/tools/bin/../lib/gcc/arm-none-eabi/14.3.1/thumb/v7e-m+fp/hard/crtbegin.o

.ccmram         0x10000000        0x0 load address 0x0800114c
                0x10000000                        . = ALIGN (0x4)
                0x10000000                        _sccmram = .
 *(.ccmram)
 *(.ccmram*)
                0x10000000                        . = ALIGN (0x4)
                0x10000000                        _eccmram = .
                0x10000000                        . = ALIGN (0x4)

.bss            0x20000000       0x58
                0x20000000                        _sbss = .
                0x20000000                        __bss_start__ = _sbss
 *(.bss)
 .bss           0x20000000       0x1c C:/ST/STM32CubeIDE_2.1.0/STM32CubeIDE/plugins/com.st.stm32cube.ide.mcu.externaltools.gnu-tools-for-stm32.14.3.rel1.win32_1.0.100.202602081740/tools/bin/../lib/gcc/arm-none-eabi/14.3.1/thumb/v7e-m+fp/hard/crtbegin.o
 *(.bss*)
 .bss.tick_ms   0x2000001c        0x4 ./Src/gpio_pins.o
 .bss.game_state
                0x20000020        0x1 ./Src/main.o
 *fill*         0x20000021        0x3 
 .bss.scores    0x20000024        0x2 ./Src/main.o
 .bss.locked_pod
                0x20000026        0x1 ./Src/main.o
 .bss.questions_since_roulette
                0x20000027        0x1 ./Src/main.o
 .bss.parser_pod1
                0x20000028        0xa ./Src/main.o
 *fill*         0x20000032        0x2 
 .bss.parser_pod2
                0x20000034        0xa ./Src/main.o
 *fill*         0x2000003e        0x2 
 .bss.db_arm    0x20000040        0x4 ./Src/main.o
 .bss.db_correct
                0x20000044        0x4 ./Src/main.o
 .bss.db_wrong  0x20000048        0x4 ./Src/main.o
 .bss.db_roulette
                0x2000004c        0x4 ./Src/main.o
 .bss.last_blink.1
                0x20000050        0x4 ./Src/main.o
 .bss.last_adc.0
                0x20000054        0x4 ./Src/main.o
 *(COMMON)
                0x20000058                        . = ALIGN (0x4)
                0x20000058                        _ebss = .
                0x20000058                        __bss_end__ = _ebss

._user_heap_stack
                0x20000058      0x600
                0x20000058                        . = ALIGN (0x8)
                [!provide]                        PROVIDE (end = .)
                0x20000058                        PROVIDE (_end = .)
                0x20000258                        . = (. + _Min_Heap_Size)
 *fill*         0x20000058      0x200 
                0x20000658                        . = (. + _Min_Stack_Size)
 *fill*         0x20000258      0x400 
                0x20000658                        . = ALIGN (0x8)

/DISCARD/
 libc.a(*)
 libm.a(*)
 libgcc.a(*)

.ARM.attributes
                0x00000000       0x30
 *(.ARM.attributes)
 .ARM.attributes
                0x00000000       0x22 C:/ST/STM32CubeIDE_2.1.0/STM32CubeIDE/plugins/com.st.stm32cube.ide.mcu.externaltools.gnu-tools-for-stm32.14.3.rel1.win32_1.0.100.202602081740/tools/bin/../lib/gcc/arm-none-eabi/14.3.1/thumb/v7e-m+fp/hard/crti.o
 .ARM.attributes
                0x00000022       0x34 C:/ST/STM32CubeIDE_2.1.0/STM32CubeIDE/plugins/com.st.stm32cube.ide.mcu.externaltools.gnu-tools-for-stm32.14.3.rel1.win32_1.0.100.202602081740/tools/bin/../lib/gcc/arm-none-eabi/14.3.1/thumb/v7e-m+fp/hard/crtbegin.o
 .ARM.attributes
                0x00000056       0x34 ./Src/gpio_pins.o
 .ARM.attributes
                0x0000008a       0x34 ./Src/main.o
 .ARM.attributes
                0x000000be       0x34 ./Src/motor.o
 .ARM.attributes
                0x000000f2       0x34 ./Src/protocol.o
 .ARM.attributes
                0x00000126       0x34 ./Src/sensors.o
 .ARM.attributes
                0x0000015a       0x34 ./Src/uart.o
 .ARM.attributes
                0x0000018e       0x21 ./Startup/startup_stm32f303vctx.o
 .ARM.attributes
                0x000001af       0x34 C:/ST/STM32CubeIDE_2.1.0/STM32CubeIDE/plugins/com.st.stm32cube.ide.mcu.externaltools.gnu-tools-for-stm32.14.3.rel1.win32_1.0.100.202602081740/tools/bin/../lib/gcc/arm-none-eabi/14.3.1/../../../../arm-none-eabi/lib/thumb/v7e-m+fp/hard\libc_nano.a(libc_a-init.o)
 .ARM.attributes
                0x000001e3       0x22 C:/ST/STM32CubeIDE_2.1.0/STM32CubeIDE/plugins/com.st.stm32cube.ide.mcu.externaltools.gnu-tools-for-stm32.14.3.rel1.win32_1.0.100.202602081740/tools/bin/../lib/gcc/arm-none-eabi/14.3.1/thumb/v7e-m+fp/hard/crtn.o
OUTPUT(Master Controller.elf elf32-littlearm)
LOAD linker stubs
LOAD C:/ST/STM32CubeIDE_2.1.0/STM32CubeIDE/plugins/com.st.stm32cube.ide.mcu.externaltools.gnu-tools-for-stm32.14.3.rel1.win32_1.0.100.202602081740/tools/bin/../lib/gcc/arm-none-eabi/14.3.1/../../../../arm-none-eabi/lib/thumb/v7e-m+fp/hard\libc.a
LOAD C:/ST/STM32CubeIDE_2.1.0/STM32CubeIDE/plugins/com.st.stm32cube.ide.mcu.externaltools.gnu-tools-for-stm32.14.3.rel1.win32_1.0.100.202602081740/tools/bin/../lib/gcc/arm-none-eabi/14.3.1/../../../../arm-none-eabi/lib/thumb/v7e-m+fp/hard\libm.a
LOAD C:/ST/STM32CubeIDE_2.1.0/STM32CubeIDE/plugins/com.st.stm32cube.ide.mcu.externaltools.gnu-tools-for-stm32.14.3.rel1.win32_1.0.100.202602081740/tools/bin/../lib/gcc/arm-none-eabi/14.3.1/thumb/v7e-m+fp/hard\libgcc.a

.debug_info     0x00000000     0x1ebb
 .debug_info    0x00000000      0x95c ./Src/gpio_pins.o
 .debug_info    0x0000095c      0x6dd ./Src/main.o
 .debug_info    0x00001039      0x371 ./Src/motor.o
 .debug_info    0x000013aa      0x258 ./Src/protocol.o
 .debug_info    0x00001602      0x436 ./Src/sensors.o
 .debug_info    0x00001a38      0x453 ./Src/uart.o
 .debug_info    0x00001e8b       0x30 ./Startup/startup_stm32f303vctx.o

.debug_abbrev   0x00000000      0x8fd
 .debug_abbrev  0x00000000      0x227 ./Src/gpio_pins.o
 .debug_abbrev  0x00000227      0x1e7 ./Src/main.o
 .debug_abbrev  0x0000040e       0xe2 ./Src/motor.o
 .debug_abbrev  0x000004f0      0x137 ./Src/protocol.o
 .debug_abbrev  0x00000627      0x120 ./Src/sensors.o
 .debug_abbrev  0x00000747      0x192 ./Src/uart.o
 .debug_abbrev  0x000008d9       0x24 ./Startup/startup_stm32f303vctx.o

.debug_aranges  0x00000000      0x210
 .debug_aranges
                0x00000000       0x88 ./Src/gpio_pins.o
 .debug_aranges
                0x00000088       0x88 ./Src/main.o
 .debug_aranges
                0x00000110       0x30 ./Src/motor.o
 .debug_aranges
                0x00000140       0x30 ./Src/protocol.o
 .debug_aranges
                0x00000170       0x28 ./Src/sensors.o
 .debug_aranges
                0x00000198       0x50 ./Src/uart.o
 .debug_aranges
                0x000001e8       0x28 ./Startup/startup_stm32f303vctx.o

.debug_rnglists
                0x00000000      0x173
 .debug_rnglists
                0x00000000       0x62 ./Src/gpio_pins.o
 .debug_rnglists
                0x00000062       0x63 ./Src/main.o
 .debug_rnglists
                0x000000c5       0x20 ./Src/motor.o
 .debug_rnglists
                0x000000e5       0x21 ./Src/protocol.o
 .debug_rnglists
                0x00000106       0x1a ./Src/sensors.o
 .debug_rnglists
                0x00000120       0x3a ./Src/uart.o
 .debug_rnglists
                0x0000015a       0x19 ./Startup/startup_stm32f303vctx.o

.debug_macro    0x00000000    0x15767
 .debug_macro   0x00000000       0xe2 ./Src/gpio_pins.o
 .debug_macro   0x000000e2      0xae4 ./Src/gpio_pins.o
 .debug_macro   0x00000bc6       0x22 ./Src/gpio_pins.o
 .debug_macro   0x00000be8       0x8e ./Src/gpio_pins.o
 .debug_macro   0x00000c76       0x51 ./Src/gpio_pins.o
 .debug_macro   0x00000cc7      0x103 ./Src/gpio_pins.o
 .debug_macro   0x00000dca       0x6a ./Src/gpio_pins.o
 .debug_macro   0x00000e34      0x1df ./Src/gpio_pins.o
 .debug_macro   0x00001013       0x28 ./Src/gpio_pins.o
 .debug_macro   0x0000103b       0x2e ./Src/gpio_pins.o
 .debug_macro   0x00001069       0x10 ./Src/gpio_pins.o
 .debug_macro   0x00001079       0x58 ./Src/gpio_pins.o
 .debug_macro   0x000010d1      0x26d ./Src/gpio_pins.o
 .debug_macro   0x0000133e       0x28 ./Src/gpio_pins.o
 .debug_macro   0x00001366     0x11ae ./Src/gpio_pins.o
 .debug_macro   0x00002514      0x11f ./Src/gpio_pins.o
 .debug_macro   0x00002633    0x12a3a ./Src/gpio_pins.o
 .debug_macro   0x0001506d      0x118 ./Src/main.o
 .debug_macro   0x00015185       0xa0 ./Src/main.o
 .debug_macro   0x00015225      0x190 ./Src/main.o
 .debug_macro   0x000153b5       0xe2 ./Src/motor.o
 .debug_macro   0x00015497       0x72 ./Src/protocol.o
 .debug_macro   0x00015509       0x9a ./Src/protocol.o
 .debug_macro   0x000155a3       0xe2 ./Src/sensors.o
 .debug_macro   0x00015685       0xe2 ./Src/uart.o

.debug_line     0x00000000     0x268e
 .debug_line    0x00000000      0x720 ./Src/gpio_pins.o
 .debug_line    0x00000720      0x80c ./Src/main.o
 .debug_line    0x00000f2c      0x570 ./Src/motor.o
 .debug_line    0x0000149c      0x542 ./Src/protocol.o
 .debug_line    0x000019de      0x58d ./Src/sensors.o
 .debug_line    0x00001f6b      0x6a8 ./Src/uart.o
 .debug_line    0x00002613       0x7b ./Startup/startup_stm32f303vctx.o

.debug_str      0x00000000    0x7447a
 .debug_str     0x00000000    0x7447a ./Src/gpio_pins.o
                              0x73db0 (size before relaxing)
 .debug_str     0x0007447a    0x73f70 ./Src/main.o
 .debug_str     0x0007447a    0x737e7 ./Src/motor.o
 .debug_str     0x0007447a     0x402c ./Src/protocol.o
 .debug_str     0x0007447a    0x73872 ./Src/sensors.o
 .debug_str     0x0007447a    0x73834 ./Src/uart.o
 .debug_str     0x0007447a       0x83 ./Startup/startup_stm32f303vctx.o

.comment        0x00000000       0x43
 .comment       0x00000000       0x43 ./Src/gpio_pins.o
                                 0x44 (size before relaxing)
 .comment       0x00000043       0x44 ./Src/main.o
 .comment       0x00000043       0x44 ./Src/motor.o
 .comment       0x00000043       0x44 ./Src/protocol.o
 .comment       0x00000043       0x44 ./Src/sensors.o
 .comment       0x00000043       0x44 ./Src/uart.o

.debug_frame    0x00000000      0x60c
 .debug_frame   0x00000000      0x1d0 ./Src/gpio_pins.o
 .debug_frame   0x000001d0      0x1d4 ./Src/main.o
 .debug_frame   0x000003a4       0x6c ./Src/motor.o
 .debug_frame   0x00000410       0x7c ./Src/protocol.o
 .debug_frame   0x0000048c       0x50 ./Src/sensors.o
 .debug_frame   0x000004dc      0x104 ./Src/uart.o
 .debug_frame   0x000005e0       0x2c C:/ST/STM32CubeIDE_2.1.0/STM32CubeIDE/plugins/com.st.stm32cube.ide.mcu.externaltools.gnu-tools-for-stm32.14.3.rel1.win32_1.0.100.202602081740/tools/bin/../lib/gcc/arm-none-eabi/14.3.1/../../../../arm-none-eabi/lib/thumb/v7e-m+fp/hard\libc_nano.a(libc_a-init.o)

.debug_line_str
                0x00000000       0x67
 .debug_line_str
                0x00000000       0x67 ./Startup/startup_stm32f303vctx.o
